Connecting to: localhost:5001
Stopped at tests/debugger/do_next.js:15
(jjs-debugger) next
next test
Stopped at tests/debugger/do_next.js:28
(jjs-debugger) next
Func
Stopped at tests/debugger/do_next.js:30
(jjs-debugger) n
Stopped at tests/debugger/do_next.js:33
(jjs-debugger) n
Func
Stopped at tests/debugger/do_next.js:35
(jjs-debugger) next
Stopped at tests/debugger/do_next.js:39
(jjs-debugger) n
Stopped at tests/debugger/do_next.js:40
(jjs-debugger) next
Stopped at tests/debugger/do_next.js:42
(jjs-debugger) c
